// Jest Snapshot v1, https://goo.gl/fbAQLP

exports[`Header should render correctly 1`] = `
<div
  className="header"
>
  <div
    className="header_content"
  >
    <h2>
      Netflix search
    </h2>
    <h1>
      FIND YOUR MOVIE
    </h1>
    <Search />
  </div>
</div>
`;
